// Jest Snapshot v1, https://goo.gl/fbAQLP

exports[`Pruebas en <GifGridItem /> debe de mostrar el componente correctamente 1`] = `
<div
  className="gif"
>
  <img
    alt="Un Titulo"
    src="https://google.com/goo.png"
  />
  <p>
    Un Titulo
  </p>
</div>
`;
